2nd arg in useEffect
inline css in react
create Element in react